// Jest Snapshot v1, https://goo.gl/fbAQLP

exports[`Missions Take snapshot for Missions 1`] = `
Object {
  "asFragment": [Function],
  "baseElement": <body>
    <div>
       
      <tr>
        <td>
          <b>
            Telstar
          </b>
        </td>
        <td>
          This is a description of Telstar
        </td>
        <td>
          <button
            class="member-btn text-center"
            type="button"
          >
            Not a member
          </button>
        </td>
        <td>
          <button
            class="join-leave-btn"
            type="button"
          >
            Join Mission
          </button>
        </td>
      </tr>
    </div>
    <div>
      <div
        class="m-4"
      >
        <table
          class="table table-striped table-bordered"
          role="row"
        >
          <thead>
            <tr>
              <th>
                Mission
              </th>
              <th>
                Description
              </th>
              <th>
                Status
              </th>
              <th />
            </tr>
          </thead>
          <tbody />
        </table>
      </div>
    </div>
  </body>,
  "container": <div>
    <div
      class="m-4"
    >
      <table
        class="table table-striped table-bordered"
        role="row"
      >
        <thead>
          <tr>
            <th>
              Mission
            </th>
            <th>
              Description
            </th>
            <th>
              Status
            </th>
            <th />
          </tr>
        </thead>
        <tbody />
      </table>
    </div>
  </div>,
  "debug": [Function],
  "findAllByAltText": [Function],
  "findAllByDisplayValue": [Function],
  "findAllByLabelText": [Function],
  "findAllByPlaceholderText": [Function],
  "findAllByRole": [Function],
  "findAllByTestId": [Function],
  "findAllByText": [Function],
  "findAllByTitle": [Function],
  "findByAltText": [Function],
  "findByDisplayValue": [Function],
  "findByLabelText": [Function],
  "findByPlaceholderText": [Function],
  "findByRole": [Function],
  "findByTestId": [Function],
  "findByText": [Function],
  "findByTitle": [Function],
  "getAllByAltText": [Function],
  "getAllByDisplayValue": [Function],
  "getAllByLabelText": [Function],
  "getAllByPlaceholderText": [Function],
  "getAllByRole": [Function],
  "getAllByTestId": [Function],
  "getAllByText": [Function],
  "getAllByTitle": [Function],
  "getByAltText": [Function],
  "getByDisplayValue": [Function],
  "getByLabelText": [Function],
  "getByPlaceholderText": [Function],
  "getByRole": [Function],
  "getByTestId": [Function],
  "getByText": [Function],
  "getByTitle": [Function],
  "queryAllByAltText": [Function],
  "queryAllByDisplayValue": [Function],
  "queryAllByLabelText": [Function],
  "queryAllByPlaceholderText": [Function],
  "queryAllByRole": [Function],
  "queryAllByTestId": [Function],
  "queryAllByText": [Function],
  "queryAllByTitle": [Function],
  "queryByAltText": [Function],
  "queryByDisplayValue": [Function],
  "queryByLabelText": [Function],
  "queryByPlaceholderText": [Function],
  "queryByRole": [Function],
  "queryByTestId": [Function],
  "queryByText": [Function],
  "queryByTitle": [Function],
  "rerender": [Function],
  "unmount": [Function],
}
`;
